// Jest Snapshot v1, https://goo.gl/fbAQLP

exports[`Test en <Gifitem /> Debe coincidir con el snapshot  1`] = `
<div>
  <div
    class="card"
  >
    <img
      alt="Dragon Ball"
      data-target="#staticBackdrop"
      data-toggle="modal"
      id="myImg"
      src="https://dragon-ball.com/goku.jpg"
      type="button"
    />
  </div>
</div>
`;
